<testsuites name="results">
  <testsuite name="all" package="all">
    <property name="random_seed" value="1744913560" />
    <testcase name="dut_test" classname="dut_test" file="/home/karthik/Test1/Assignment1/setup-Karthik-6362/tests/dut_test.py" lineno="5" time="0.0016357898712158203" sim_time_ns="4.001" ratio_time="2445.913176504883" />
  </testsuite>
</testsuites>
